# Test for integers addition
>>> from python-test_driven_development.add_integer import add_integer
>>> add_integer(1, 2)
3
>>> add_integer(100, -2)
98
>>> add_integer(2)
100
>>> add_integer(100.3, -2)
98
>>> add_integer(4, "School")
Traceback (most recent call last):
...
TypeError: b must be an integer
>>> add_integer(None)
Traceback (most recent call last):
...
TypeError: a must be an integer

# Test for float overflow
>>> add_integer(1e1000, 2)
Traceback (most recent call last):
...
OverflowError: int too large to convert to float

# Test for converting float NaN to integer
>>> add_integer(float("nan"), 2)
Traceback (most recent call last):
...
ValueError: cannot convert float NaN to integer
